// Jest Snapshot v1, https://jestjs.io/docs/snapshot-testing

exports[`loadTerms() parses terms and index file from fixture directory 1`] = `
[
  {
    "description": "Bar is the counterpart to Foo. See [Foo](/glossary/foo).",
    "hoverText": "My bar term.",
    "path": "bar",
    "title": "Bar",
  },
  {
    "description": "Foo refers to something placeholder-like. See also [bar](/glossary/bar).",
    "hoverText": "My foo term.",
    "path": "foo",
    "title": "Foo",
  },
  {
    "description": "Slugifying is needed here...",
    "hoverText": "Some term without id.",
    "path": "slug me",
    "title": "Subterm",
  },
]
`;
